
Allocating common symbols
Common symbol       size              file

idt_ptr             0x6               kernel/global.o
Map                 0x80              kernel/main.o
inode_table         0xb00             kernel/global.o
task_stack          0x38000           kernel/global.o
k_reenter           0x4               kernel/global.o
gdt                 0x400             kernel/global.o
current_console     0x4               kernel/global.o
pcaller             0x4               kernel/global.o
tty_table           0x1090            kernel/global.o
tss                 0x68              kernel/global.o
tmpQP               0x24              kernel/main.o
fs_msg              0x30              kernel/global.o
f_desc_table        0x300             kernel/global.o
root_inode          0x4               kernel/global.o
disp_pos            0x4               kernel/global.o
snake_Array         0x1fe             kernel/main.o
key_pressed         0x4               kernel/global.o
gdt_ptr             0x6               kernel/global.o
idt                 0x800             kernel/global.o
super_block         0x1e0             kernel/global.o
PARTITION_ENTRY     0x10              kernel/hd.o
ticks               0x4               kernel/global.o
States              0x14820           kernel/main.o
console_table       0x50              kernel/global.o
irq_table           0x40              kernel/global.o
p_proc_ready        0x4               kernel/global.o
proc_table          0xb44             kernel/global.o

Discarded input sections

 .note.GNU-stack
                0x0000000000000000        0x0 kernel/start.o
 .note.GNU-stack
                0x0000000000000000        0x0 kernel/main.o
 .note.GNU-stack
                0x0000000000000000        0x0 kernel/clock.o
 .note.GNU-stack
                0x0000000000000000        0x0 kernel/keyboard.o
 .note.GNU-stack
                0x0000000000000000        0x0 kernel/tty.o
 .note.GNU-stack
                0x0000000000000000        0x0 kernel/console.o
 .note.GNU-stack
                0x0000000000000000        0x0 kernel/i8259.o
 .note.GNU-stack
                0x0000000000000000        0x0 kernel/global.o
 .note.GNU-stack
                0x0000000000000000        0x0 kernel/protect.o
 .note.GNU-stack
                0x0000000000000000        0x0 kernel/proc.o
 .note.GNU-stack
                0x0000000000000000        0x0 kernel/systask.o
 .note.GNU-stack
                0x0000000000000000        0x0 kernel/hd.o
 .note.GNU-stack
                0x0000000000000000        0x0 lib/printf.o
 .note.GNU-stack
                0x0000000000000000        0x0 lib/vsprintf.o
 .note.GNU-stack
                0x0000000000000000        0x0 lib/klib.o
 .note.GNU-stack
                0x0000000000000000        0x0 lib/misc.o
 .note.GNU-stack
                0x0000000000000000        0x0 lib/open.o
 .note.GNU-stack
                0x0000000000000000        0x0 lib/read.o
 .note.GNU-stack
                0x0000000000000000        0x0 lib/write.o
 .note.GNU-stack
                0x0000000000000000        0x0 lib/close.o
 .note.GNU-stack
                0x0000000000000000        0x0 lib/unlink.o
 .note.GNU-stack
                0x0000000000000000        0x0 lib/getpid.o
 .note.GNU-stack
                0x0000000000000000        0x0 lib/syslog.o
 .note.GNU-stack
                0x0000000000000000        0x0 fs/main.o
 .note.GNU-stack
                0x0000000000000000        0x0 fs/open.o
 .note.GNU-stack
                0x0000000000000000        0x0 fs/misc.o
 .note.GNU-stack
                0x0000000000000000        0x0 fs/read_write.o
 .note.GNU-stack
                0x0000000000000000        0x0 fs/link.o
 .note.GNU-stack
                0x0000000000000000        0x0 fs/disklog.o

Memory Configuration

Name             Origin             Length             Attributes
*default*        0x0000000000000000 0xffffffffffffffff

Linker script and memory map

Address of section .text set to 0x1000
LOAD kernel/kernel.o
LOAD lib/syscall.o
LOAD kernel/start.o
LOAD kernel/main.o
LOAD kernel/clock.o
LOAD kernel/keyboard.o
LOAD kernel/tty.o
LOAD kernel/console.o
LOAD kernel/i8259.o
LOAD kernel/global.o
LOAD kernel/protect.o
LOAD kernel/proc.o
LOAD kernel/systask.o
LOAD kernel/hd.o
LOAD lib/printf.o
LOAD lib/vsprintf.o
LOAD lib/kliba.o
LOAD lib/klib.o
LOAD lib/string.o
LOAD lib/misc.o
LOAD lib/open.o
LOAD lib/read.o
LOAD lib/write.o
LOAD lib/close.o
LOAD lib/unlink.o
LOAD lib/getpid.o
LOAD lib/syslog.o
LOAD fs/main.o
LOAD fs/open.o
LOAD fs/misc.o
LOAD fs/read_write.o
LOAD fs/link.o
LOAD fs/disklog.o
                0x0000000008048000                PROVIDE (__executable_start, 0x8048000)
                0x0000000008048094                . = (0x8048000 + SIZEOF_HEADERS)

.interp
 *(.interp)

.note.gnu.build-id
 *(.note.gnu.build-id)

.hash
 *(.hash)

.gnu.hash
 *(.gnu.hash)

.dynsym
 *(.dynsym)

.dynstr
 *(.dynstr)

.gnu.version
 *(.gnu.version)

.gnu.version_d
 *(.gnu.version_d)

.gnu.version_r
 *(.gnu.version_r)

.rel.dyn        0x0000000008048094        0x0
 *(.rel.init)
 *(.rel.text .rel.text.* .rel.gnu.linkonce.t.*)
 .rel.text      0x0000000000000000        0x0 kernel/kernel.o
 *(.rel.fini)
 *(.rel.rodata .rel.rodata.* .rel.gnu.linkonce.r.*)
 *(.rel.data.rel.ro .rel.data.rel.ro.* .rel.gnu.linkonce.d.rel.ro.*)
 *(.rel.data .rel.data.* .rel.gnu.linkonce.d.*)
 .rel.data      0x0000000000000000        0x0 kernel/kernel.o
 *(.rel.tdata .rel.tdata.* .rel.gnu.linkonce.td.*)
 *(.rel.tbss .rel.tbss.* .rel.gnu.linkonce.tb.*)
 *(.rel.ctors)
 *(.rel.dtors)
 *(.rel.got)
 *(.rel.bss .rel.bss.* .rel.gnu.linkonce.b.*)
 *(.rel.ifunc)

.rel.plt        0x0000000008048094        0x0
 *(.rel.plt)
                0x0000000008048094                PROVIDE (__rel_iplt_start, .)
 *(.rel.iplt)
 .rel.iplt      0x0000000000000000        0x0 kernel/kernel.o
                0x0000000008048094                PROVIDE (__rel_iplt_end, .)

.init
 *(SORT(.init))

.plt            0x00000000080480a0        0x0
 *(.plt)
 *(.iplt)
 .iplt          0x0000000000000000        0x0 kernel/kernel.o

.text           0x0000000000001000     0xc3a8
 *(.text.unlikely .text.*_unlikely .text.unlikely.*)
 *(.text.exit .text.exit.*)
 *(.text.startup .text.startup.*)
 *(.text.hot .text.hot.*)
 *(.text .stub .text.* .gnu.linkonce.t.*)
 .text          0x0000000000001000      0x410 kernel/kernel.o
                0x0000000000001000                _start
                0x0000000000001040                hwint00
                0x0000000000001070                hwint01
                0x00000000000010a0                hwint02
                0x00000000000010d0                hwint03
                0x0000000000001100                hwint04
                0x0000000000001130                hwint05
                0x0000000000001160                hwint06
                0x0000000000001190                hwint07
                0x00000000000011c0                hwint08
                0x00000000000011f0                hwint09
                0x0000000000001220                hwint10
                0x0000000000001250                hwint11
                0x0000000000001280                hwint12
                0x00000000000012b0                hwint13
                0x00000000000012e0                hwint14
                0x0000000000001310                hwint15
                0x0000000000001334                divide_error
                0x000000000000133a                single_step_exception
                0x0000000000001340                nmi
                0x0000000000001346                breakpoint_exception
                0x000000000000134c                overflow
                0x0000000000001352                bounds_check
                0x0000000000001358                inval_opcode
                0x000000000000135e                copr_not_available
                0x0000000000001364                double_fault
                0x0000000000001368                copr_seg_overrun
                0x000000000000136e                inval_tss
                0x0000000000001372                segment_not_present
                0x0000000000001376                stack_exception
                0x000000000000137a                general_protection
                0x000000000000137e                page_fault
                0x0000000000001382                copr_error
                0x00000000000013cb                sys_call
                0x00000000000013eb                restart
 .text          0x0000000000001410       0x28 lib/syscall.o
                0x0000000000001410                sendrec
                0x000000000000142a                printx
 .text          0x0000000000001438       0x8e kernel/start.o
                0x0000000000001438                cstart
 .text          0x00000000000014c6     0x271a kernel/main.o
                0x00000000000014c6                add_fun
                0x00000000000014d3                sub_fun
                0x00000000000014e2                mul_fun
                0x00000000000014ee                div_fun
                0x00000000000014fa                TTT2
                0x000000000000182d                Init
                0x0000000000001888                PrintQP
                0x000000000000193d                IsWin
                0x0000000000001b03                e_fun
                0x0000000000001ed4                AutoDone
                0x00000000000024ab                UserInput
                0x00000000000025c1                kernel_main
                0x000000000000286d                get_ticks
                0x00000000000028a5                TestA
                0x0000000000003016                TestB
                0x0000000000003042                TestC
                0x000000000000306e                TTT
                0x00000000000031c9                panic
                0x0000000000003219                clear
                0x000000000000327e                help
                0x00000000000032fe                ProcessManage
                0x0000000000003491                sleep
                0x00000000000034bb                diplaySnakeArea
                0x00000000000034f9                gameOverShow
                0x0000000000003525                gameSuccessShow
                0x0000000000003551                judgeInpt
                0x00000000000035a7                changeToLeft
                0x00000000000035b6                changeToDown
                0x00000000000035c5                changeToRight
                0x00000000000035d4                changeToUp
                0x00000000000035e3                clearScreen
                0x0000000000003621                duo
                0x0000000000003685                print
                0x00000000000037a1                calendar_control
                0x000000000000398c                My_atoi
                0x0000000000003a2a                TTT3
 .text          0x0000000000003be0      0x18a kernel/clock.o
                0x0000000000003be0                clock_handler
                0x0000000000003ccd                milli_delay
                0x0000000000003d06                init_clock
 .text          0x0000000000003d6a      0x6da kernel/keyboard.o
                0x0000000000003d6a                keyboard_handler
                0x0000000000003dd0                init_keyboard
                0x0000000000003e7f                keyboard_read
 .text          0x0000000000004444      0x9d3 kernel/tty.o
                0x0000000000004444                task_tty
                0x00000000000045f8                in_process
                0x0000000000004b1e                sys_printx
                0x0000000000004cc0                dump_tty_buf
 .text          0x0000000000004e17      0x7da kernel/console.o
                0x0000000000004e17                init_screen
                0x0000000000004f81                out_char
                0x000000000000523e                clear_screen
                0x0000000000005277                is_current_console
                0x000000000000529a                set_cursor
                0x0000000000005303                set_video_start_addr
                0x000000000000536c                select_console
                0x00000000000053a7                scroll_screen
                0x000000000000558b                flush
 .text          0x00000000000055f1      0x13c kernel/i8259.o
                0x00000000000055f1                init_8259A
                0x00000000000056e2                spurious_irq
                0x000000000000570d                put_irq_handler
 .text          0x000000000000572d        0x0 kernel/global.o
 .text          0x000000000000572d      0x7e9 kernel/protect.o
                0x000000000000572d                init_prot
                0x0000000000005d2e                seg2phys
                0x0000000000005de9                exception_handler
 .text          0x0000000000005f16     0x1a97 kernel/proc.o
                0x0000000000005f16                schedule
                0x0000000000005fa7                sys_sendrec
                0x0000000000006106                send_recv
                0x00000000000061e6                ldt_seg_linear
                0x0000000000006230                va2la
                0x000000000000629f                reset_msg
                0x000000000000730b                inform_int
                0x00000000000074c8                dump_proc
                0x0000000000007866                dump_msg
 .text          0x00000000000079ad       0x95 kernel/systask.o
                0x00000000000079ad                task_sys
 .text          0x0000000000007a42      0xe9e kernel/hd.o
                0x0000000000007a42                task_hd
                0x00000000000088bb                hd_handler
 .text          0x00000000000088e0       0xc0 lib/printf.o
                0x00000000000088e0                printf
                0x000000000000895f                printl
 .text          0x00000000000089a0      0x318 lib/vsprintf.o
                0x0000000000008a03                vsprintf
                0x0000000000008c8e                sprintf
 *fill*         0x0000000000008cb8        0x8 
 .text          0x0000000000008cc0      0x19a lib/kliba.o
                0x0000000000008cc0                disp_str
                0x0000000000008cfe                disp_color_str
                0x0000000000008d3d                out_byte
                0x0000000000008d49                in_byte
                0x0000000000008d53                port_read
                0x0000000000008d66                port_write
                0x0000000000008d79                disable_irq
                0x0000000000008dae                enable_irq
                0x0000000000008dcd                disable_int
                0x0000000000008dcf                enable_int
                0x0000000000008dd1                glitter
 .text          0x0000000000008e5a      0x1d2 lib/klib.o
                0x0000000000008e5a                itoa
                0x0000000000008f05                atoi
                0x0000000000008fc1                disp_int
                0x0000000000008fe6                delay
 *fill*         0x000000000000902c        0x4 
 .text          0x0000000000009030       0x78 lib/string.o
                0x0000000000009030                memcpy
                0x0000000000009059                memset
                0x000000000000907a                strcpy
                0x0000000000009092                strlen
 .text          0x00000000000090a8      0x1a8 lib/misc.o
                0x00000000000090a8                memcmp
                0x000000000000911e                strcmp
                0x0000000000009190                strcat
                0x00000000000091ef                spin
                0x000000000000920a                assertion_failure
 .text          0x0000000000009250       0x73 lib/open.o
                0x0000000000009250                open
 .text          0x00000000000092c3       0x3f lib/read.o
                0x00000000000092c3                read
 .text          0x0000000000009302       0x3f lib/write.o
                0x0000000000009302                write
 .text          0x0000000000009341       0x33 lib/close.o
                0x0000000000009341                close
 .text          0x0000000000009374       0x41 lib/unlink.o
                0x0000000000009374                unlink
 .text          0x00000000000093b5       0x59 lib/getpid.o
                0x00000000000093b5                getpid
 .text          0x000000000000940e       0xdb lib/syslog.o
                0x000000000000940e                syslog
 .text          0x00000000000094e9      0xeac fs/main.o
                0x00000000000094e9                task_fs
                0x0000000000009e45                rw_sector
                0x000000000000a07f                get_super_block
                0x000000000000a0c5                get_inode
                0x000000000000a233                put_inode
                0x000000000000a278                sync_inode
 .text          0x000000000000a395      0xb4c fs/open.o
                0x000000000000a395                do_open
                0x000000000000a832                do_close
                0x000000000000a88a                do_lseek
 .text          0x000000000000aee1      0x205 fs/misc.o
                0x000000000000aee1                search_file
                0x000000000000b05a                strip_path
 .text          0x000000000000b0e6      0x522 fs/read_write.o
                0x000000000000b0e6                do_rdwt
 .text          0x000000000000b608      0x8f6 fs/link.o
                0x000000000000b608                do_unlink
 .text          0x000000000000befe     0x14aa fs/disklog.o
                0x000000000000befe                do_disklog
                0x000000000000bfa9                disklog
                0x000000000000c553                dump_fd_graph
 *(.gnu.warning)

.fini
 *(SORT(.fini))
                0x000000000000d3a8                PROVIDE (__etext, .)
                0x000000000000d3a8                PROVIDE (_etext, .)
                0x000000000000d3a8                PROVIDE (etext, .)

.rodata         0x000000000000d3c0     0x2bf7
 *(.rodata .rodata.* .gnu.linkonce.r.*)
 .rodata        0x000000000000d3c0       0x47 kernel/start.o
 *fill*         0x000000000000d407        0x1 
 .rodata        0x000000000000d408      0xef8 kernel/main.o
                0x000000000000d4cc                NO_BLANK
                0x000000000000d4d0                TREE_DEPTH
                0x000000000000d4d4                NIL
                0x000000000000e228                mapH
                0x000000000000e22c                mapW
 .rodata        0x000000000000e300       0x64 kernel/keyboard.o
 .rodata        0x000000000000e364      0x13c kernel/tty.o
 .rodata        0x000000000000e4a0       0x5b kernel/console.o
 .rodata        0x000000000000e4fb       0x11 kernel/i8259.o
 .rodata        0x000000000000e50c        0x4 kernel/global.o
                0x000000000000e50c                FSBUF_SIZE
 *fill*         0x000000000000e510       0x10 
 .rodata        0x000000000000e520      0x540 kernel/protect.o
 .rodata        0x000000000000ea60      0x62e kernel/proc.o
 .rodata        0x000000000000f08e       0x11 kernel/systask.o
 *fill*         0x000000000000f09f        0x1 
 .rodata        0x000000000000f0a0      0x1ba kernel/hd.o
 .rodata        0x000000000000f25a       0x14 lib/printf.o
 *fill*         0x000000000000f26e        0x2 
 .rodata        0x000000000000f270       0x61 lib/misc.o
 .rodata        0x000000000000f2d1       0x23 lib/open.o
 .rodata        0x000000000000f2f4       0x25 lib/getpid.o
 .rodata        0x000000000000f319       0x32 lib/syslog.o
 *fill*         0x000000000000f34b        0x1 
 .rodata        0x000000000000f34c      0x206 fs/main.o
 *fill*         0x000000000000f552        0x2 
 .rodata        0x000000000000f554      0x138 fs/open.o
 .rodata        0x000000000000f68c      0x164 fs/read_write.o
 .rodata        0x000000000000f7f0      0x19d fs/link.o
 *fill*         0x000000000000f98d        0x3 
 .rodata        0x000000000000f990      0x627 fs/disklog.o

.rodata1
 *(.rodata1)

.eh_frame_hdr
 *(.eh_frame_hdr)

.eh_frame       0x000000000000ffb8     0x141c
 *(.eh_frame)
 .eh_frame      0x000000000000ffb8       0x38 kernel/start.o
 .eh_frame      0x000000000000fff0      0x4e4 kernel/main.o
                                        0x4fc (size before relaxing)
 .eh_frame      0x00000000000104d4       0x60 kernel/clock.o
                                         0x78 (size before relaxing)
 .eh_frame      0x0000000000010534       0xe0 kernel/keyboard.o
                                         0xf8 (size before relaxing)
 .eh_frame      0x0000000000010614      0x13c kernel/tty.o
                                        0x154 (size before relaxing)
 .eh_frame      0x0000000000010750      0x148 kernel/console.o
                                        0x160 (size before relaxing)
 .eh_frame      0x0000000000010898       0x60 kernel/i8259.o
                                         0x78 (size before relaxing)
 .eh_frame      0x00000000000108f8       0xb0 kernel/protect.o
                                         0xc8 (size before relaxing)
 .eh_frame      0x00000000000109a8      0x1e0 kernel/proc.o
                                        0x1f8 (size before relaxing)
 .eh_frame      0x0000000000010b88       0x1c kernel/systask.o
                                         0x34 (size before relaxing)
 .eh_frame      0x0000000000010ba4      0x210 kernel/hd.o
                                        0x228 (size before relaxing)
 .eh_frame      0x0000000000010db4       0x40 lib/printf.o
                                         0x58 (size before relaxing)
 .eh_frame      0x0000000000010df4       0x68 lib/vsprintf.o
                                         0x80 (size before relaxing)
 .eh_frame      0x0000000000010e5c       0x80 lib/klib.o
                                         0x98 (size before relaxing)
 .eh_frame      0x0000000000010edc       0x9c lib/misc.o
                                         0xb4 (size before relaxing)
 .eh_frame      0x0000000000010f78       0x20 lib/open.o
                                         0x38 (size before relaxing)
 .eh_frame      0x0000000000010f98       0x20 lib/read.o
                                         0x38 (size before relaxing)
 .eh_frame      0x0000000000010fb8       0x20 lib/write.o
                                         0x38 (size before relaxing)
 .eh_frame      0x0000000000010fd8       0x20 lib/close.o
                                         0x38 (size before relaxing)
 .eh_frame      0x0000000000010ff8       0x20 lib/unlink.o
                                         0x38 (size before relaxing)
 .eh_frame      0x0000000000011018       0x20 lib/getpid.o
                                         0x38 (size before relaxing)
 .eh_frame      0x0000000000011038       0x20 lib/syslog.o
                                         0x38 (size before relaxing)
 .eh_frame      0x0000000000011058      0x134 fs/main.o
                                        0x14c (size before relaxing)
 .eh_frame      0x000000000001118c      0x128 fs/open.o
                                        0x140 (size before relaxing)
 .eh_frame      0x00000000000112b4       0x48 fs/misc.o
                                         0x60 (size before relaxing)
 .eh_frame      0x00000000000112fc       0x2c fs/read_write.o
                                         0x44 (size before relaxing)
 .eh_frame      0x0000000000011328       0x2c fs/link.o
                                         0x44 (size before relaxing)
 .eh_frame      0x0000000000011354       0x80 fs/disklog.o
                                         0x98 (size before relaxing)

.gcc_except_table
 *(.gcc_except_table .gcc_except_table.*)

.exception_ranges
 *(.exception_ranges .exception_ranges*)
                0x00000000000113d4                . = (ALIGN (0x1000) - ((0x1000 - .) & 0xfff))
                0x0000000000012000                . = DATA_SEGMENT_ALIGN (0x1000, 0x1000)

.eh_frame
 *(.eh_frame)

.gcc_except_table
 *(.gcc_except_table .gcc_except_table.*)

.exception_ranges
 *(.exception_ranges .exception_ranges*)

.tdata
 *(.tdata .tdata.* .gnu.linkonce.td.*)

.tbss
 *(.tbss .tbss.* .gnu.linkonce.tb.*)
 *(.tcommon)

.preinit_array  0x0000000000012000        0x0
                0x0000000000012000                PROVIDE (__preinit_array_start, .)
 *(.preinit_array)
                0x0000000000012000                PROVIDE (__preinit_array_end, .)

.init_array     0x0000000000012000        0x0
                0x0000000000012000                PROVIDE (__init_array_start, .)
 *(SORT(.init_array.*) SORT(.ctors.*))
 *(.init_array EXCLUDE_FILE(*crtend?.o *crtend.o *crtbegin?.o *crtbegin.o) .ctors)
                0x0000000000012000                PROVIDE (__init_array_end, .)

.fini_array     0x0000000000012000        0x0
                0x0000000000012000                PROVIDE (__fini_array_start, .)
 *(SORT(.fini_array.*) SORT(.dtors.*))
 *(.fini_array EXCLUDE_FILE(*crtend?.o *crtend.o *crtbegin?.o *crtbegin.o) .dtors)
                0x0000000000012000                PROVIDE (__fini_array_end, .)

.ctors
 *crtbegin.o(.ctors)
 *crtbegin?.o(.ctors)
 *(EXCLUDE_FILE(*crtend?.o *crtend.o) .ctors)
 *(SORT(.ctors.*))
 *(.ctors)

.dtors
 *crtbegin.o(.dtors)
 *crtbegin?.o(.dtors)
 *(EXCLUDE_FILE(*crtend?.o *crtend.o) .dtors)
 *(SORT(.dtors.*))
 *(.dtors)

.jcr
 *(.jcr)

.data.rel.ro
 *(.data.rel.ro.local* .gnu.linkonce.d.rel.ro.local.*)
 *(.data.rel.ro .data.rel.ro.* .gnu.linkonce.d.rel.ro.*)

.dynamic
 *(.dynamic)

.got
 *(.got)
 *(.igot)
                0x0000000000012000                . = DATA_SEGMENT_RELRO_END (., (SIZEOF (.got.plt) >= 0xc)?0xc:0x0)

.got.plt        0x0000000000012000        0x0
 *(.got.plt)
 *(.igot.plt)
 .igot.plt      0x0000000000000000        0x0 kernel/kernel.o

.data           0x0000000000012000      0x840
 *(.data .data.* .gnu.linkonce.d.*)
 .data          0x0000000000012000        0x2 kernel/kernel.o
 .data          0x0000000000012002        0x0 kernel/start.o
 *fill*         0x0000000000012002       0x1e 
 .data          0x0000000000012020       0x8c kernel/main.o
                0x0000000000012020                snake_head
                0x0000000000012028                snake_area_width
                0x000000000001202c                snake_area_height
                0x0000000000012030                move_direction
                0x0000000000012034                sHead
                0x0000000000012035                sBody
                0x0000000000012036                sFood
                0x0000000000012037                sNode
                0x0000000000012040                food
                0x0000000000012080                eat
                0x0000000000012084                win
                0x0000000000012088                sLength
                0x000000000001208c                dx
                0x000000000001209c                dy
 .data          0x00000000000120ac        0x0 kernel/clock.o
 *fill*         0x00000000000120ac       0x14 
 .data          0x00000000000120c0      0x600 kernel/keyboard.o
                0x00000000000120c0                keymap
 .data          0x00000000000126c0       0x22 kernel/tty.o
 .data          0x00000000000126e2        0x0 kernel/console.o
 .data          0x00000000000126e2        0x0 kernel/i8259.o
 *fill*         0x00000000000126e2       0x1e 
 .data          0x0000000000012700      0x140 kernel/global.o
                0x0000000000012700                task_table
                0x00000000000127a0                user_proc_table
                0x0000000000012818                sys_call_table
                0x0000000000012824                dd_map
                0x000000000001283c                fsbuf
 .data          0x0000000000012840        0x0 kernel/protect.o
 .data          0x0000000000012840        0x0 kernel/proc.o
 .data          0x0000000000012840        0x0 kernel/systask.o
 .data          0x0000000000012840        0x0 kernel/hd.o
 .data          0x0000000000012840        0x0 lib/printf.o
 .data          0x0000000000012840        0x0 lib/vsprintf.o
 .data          0x0000000000012840        0x0 lib/klib.o
 .data          0x0000000000012840        0x0 lib/misc.o
 .data          0x0000000000012840        0x0 lib/open.o
 .data          0x0000000000012840        0x0 lib/read.o
 .data          0x0000000000012840        0x0 lib/write.o
 .data          0x0000000000012840        0x0 lib/close.o
 .data          0x0000000000012840        0x0 lib/unlink.o
 .data          0x0000000000012840        0x0 lib/getpid.o
 .data          0x0000000000012840        0x0 lib/syslog.o
 .data          0x0000000000012840        0x0 fs/main.o
 .data          0x0000000000012840        0x0 fs/open.o
 .data          0x0000000000012840        0x0 fs/misc.o
 .data          0x0000000000012840        0x0 fs/read_write.o
 .data          0x0000000000012840        0x0 fs/link.o
 .data          0x0000000000012840        0x0 fs/disklog.o

.data1
 *(.data1)
                0x0000000000012840                _edata = .
                0x0000000000012840                PROVIDE (edata, .)
                0x0000000000012840                . = .
                0x0000000000012840                __bss_start = .

.bss            0x0000000000012840    0x515d4
 *(.dynbss)
 *(.bss .bss.* .gnu.linkonce.b.*)
 .bss           0x0000000000012840      0x800 kernel/kernel.o
 .bss           0x0000000000013040        0x0 kernel/start.o
 .bss           0x0000000000013040       0x10 kernel/main.o
                0x0000000000013040                selectShowProcess
                0x0000000000013044                foodNum
                0x0000000000013048                overOrNot
 .bss           0x0000000000013050        0x0 kernel/clock.o
 *fill*         0x0000000000013050       0x10 
 .bss           0x0000000000013060       0x58 kernel/keyboard.o
 .bss           0x00000000000130b8        0x0 kernel/tty.o
 .bss           0x00000000000130b8        0x0 kernel/console.o
 .bss           0x00000000000130b8        0x0 kernel/i8259.o
 .bss           0x00000000000130b8        0x0 kernel/global.o
 .bss           0x00000000000130b8        0x0 kernel/protect.o
 .bss           0x00000000000130b8        0x0 kernel/proc.o
 .bss           0x00000000000130b8        0x0 kernel/systask.o
 *fill*         0x00000000000130b8        0x8 
 .bss           0x00000000000130c0      0x64c kernel/hd.o
 .bss           0x000000000001370c        0x0 lib/printf.o
 .bss           0x000000000001370c        0x0 lib/vsprintf.o
 .bss           0x000000000001370c        0x0 lib/klib.o
 .bss           0x000000000001370c        0x0 lib/misc.o
 .bss           0x000000000001370c        0x0 lib/open.o
 .bss           0x000000000001370c        0x0 lib/read.o
 .bss           0x000000000001370c        0x0 lib/write.o
 .bss           0x000000000001370c        0x0 lib/close.o
 .bss           0x000000000001370c        0x0 lib/unlink.o
 .bss           0x000000000001370c        0x0 lib/getpid.o
 .bss           0x000000000001370c        0x0 lib/syslog.o
 .bss           0x000000000001370c        0x0 fs/main.o
 .bss           0x000000000001370c        0x0 fs/open.o
 .bss           0x000000000001370c        0x0 fs/misc.o
 .bss           0x000000000001370c        0x0 fs/read_write.o
 .bss           0x000000000001370c        0x0 fs/link.o
 *fill*         0x000000000001370c       0x14 
 .bss           0x0000000000013720      0x208 fs/disklog.o
 *(COMMON)
 *fill*         0x0000000000013928       0x18 
 COMMON         0x0000000000013940    0x14ae0 kernel/main.o
                0x0000000000013940                Map
                0x00000000000139c0                tmpQP
                0x0000000000013a00                snake_Array
                0x0000000000013c00                States
 COMMON         0x0000000000028420    0x3b9e4 kernel/global.o
                0x0000000000028420                idt_ptr
                0x0000000000028440                inode_table
                0x0000000000028f40                task_stack
                0x0000000000060f40                k_reenter
                0x0000000000060f60                gdt
                0x0000000000061360                current_console
                0x0000000000061364                pcaller
                0x0000000000061380                tty_table
                0x0000000000062420                tss
                0x00000000000624a0                fs_msg
                0x00000000000624e0                f_desc_table
                0x00000000000627e0                root_inode
                0x00000000000627e4                disp_pos
                0x00000000000627e8                key_pressed
                0x00000000000627ec                gdt_ptr
                0x0000000000062800                idt
                0x0000000000063000                super_block
                0x00000000000631e0                ticks
                0x0000000000063200                console_table
                0x0000000000063260                irq_table
                0x00000000000632a0                p_proc_ready
                0x00000000000632c0                proc_table
 COMMON         0x0000000000063e04       0x10 kernel/hd.o
                0x0000000000063e04                PARTITION_ENTRY
                0x0000000000063e14                . = ALIGN ((. != 0x0)?0x4:0x1)
                0x0000000000063e14                . = ALIGN (0x4)
                0x0000000000063e14                . = SEGMENT_START ("ldata-segment", .)
                0x0000000000063e14                . = ALIGN (0x4)
                0x0000000000063e14                _end = .
                0x0000000000063e14                PROVIDE (end, .)
                0x0000000000063e14                . = DATA_SEGMENT_END (.)

.stab
 *(.stab)

.stabstr
 *(.stabstr)

.stab.excl
 *(.stab.excl)

.stab.exclstr
 *(.stab.exclstr)

.stab.index
 *(.stab.index)

.stab.indexstr
 *(.stab.indexstr)

.comment        0x0000000000000000       0x2b
 *(.comment)
 .comment       0x0000000000000000       0x2b kernel/start.o
                                         0x2c (size before relaxing)
 .comment       0x0000000000000000       0x2c kernel/main.o
 .comment       0x0000000000000000       0x2c kernel/clock.o
 .comment       0x0000000000000000       0x2c kernel/keyboard.o
 .comment       0x0000000000000000       0x2c kernel/tty.o
 .comment       0x0000000000000000       0x2c kernel/console.o
 .comment       0x0000000000000000       0x2c kernel/i8259.o
 .comment       0x0000000000000000       0x2c kernel/global.o
 .comment       0x0000000000000000       0x2c kernel/protect.o
 .comment       0x0000000000000000       0x2c kernel/proc.o
 .comment       0x0000000000000000       0x2c kernel/systask.o
 .comment       0x0000000000000000       0x2c kernel/hd.o
 .comment       0x0000000000000000       0x2c lib/printf.o
 .comment       0x0000000000000000       0x2c lib/vsprintf.o
 .comment       0x0000000000000000       0x2c lib/klib.o
 .comment       0x0000000000000000       0x2c lib/misc.o
 .comment       0x0000000000000000       0x2c lib/open.o
 .comment       0x0000000000000000       0x2c lib/read.o
 .comment       0x0000000000000000       0x2c lib/write.o
 .comment       0x0000000000000000       0x2c lib/close.o
 .comment       0x0000000000000000       0x2c lib/unlink.o
 .comment       0x0000000000000000       0x2c lib/getpid.o
 .comment       0x0000000000000000       0x2c lib/syslog.o
 .comment       0x0000000000000000       0x2c fs/main.o
 .comment       0x0000000000000000       0x2c fs/open.o
 .comment       0x0000000000000000       0x2c fs/misc.o
 .comment       0x0000000000000000       0x2c fs/read_write.o
 .comment       0x0000000000000000       0x2c fs/link.o
 .comment       0x0000000000000000       0x2c fs/disklog.o

.debug
 *(.debug)

.line
 *(.line)

.debug_srcinfo
 *(.debug_srcinfo)

.debug_sfnames
 *(.debug_sfnames)

.debug_aranges
 *(.debug_aranges)

.debug_pubnames
 *(.debug_pubnames)

.debug_info
 *(.debug_info .gnu.linkonce.wi.*)

.debug_abbrev
 *(.debug_abbrev)

.debug_line
 *(.debug_line .debug_line.* .debug_line_end)

.debug_frame
 *(.debug_frame)

.debug_str
 *(.debug_str)

.debug_loc
 *(.debug_loc)

.debug_macinfo
 *(.debug_macinfo)

.debug_weaknames
 *(.debug_weaknames)

.debug_funcnames
 *(.debug_funcnames)

.debug_typenames
 *(.debug_typenames)

.debug_varnames
 *(.debug_varnames)

.debug_pubtypes
 *(.debug_pubtypes)

.debug_ranges
 *(.debug_ranges)

.debug_macro
 *(.debug_macro)

.gnu.attributes
 *(.gnu.attributes)

/DISCARD/
 *(.note.GNU-stack)
 *(.gnu_debuglink)
 *(.gnu.lto_*)
OUTPUT(kernel.bin elf32-i386)
